include fio-czk-2021.journal
include fio-czk-2022.journal
