; -*- mode: HLedger; eval: (outshine-minor-mode 1); -*-
; Generated by fio2hledger
; * Account statement
; ** Account info
; *** ID
; 2400222222
; *** Bank ID
; 2010
; *** IBAN
; CZ7920100000002400222222
; *** BIC
; FIOBCZPPXXX
; ** Transactions
; *** 2023
; **** February
2023-02-02 (1148734781) Platba převodem uvnitř banky
    assets:fiobank:czk           10.01 CZK  ; constant: 0558
    income:2900233333/2010      -10.01 CZK  ; remoteBankName: Fio banka a.s.

